// 同步 ID: d8bbf361 @ Wed Jul 29 14:00:00 UTC 2026
// 同步 ID: d75bd590 @ Wed Jul 29 17:09:45 UTC 2026
// 重构日志: d8f68ff4
// 重构日志: e7a4309c
// 同步 ID: ebd2c291 @ Thu Jul 30 10:40:41 UTC 2026
// 重构日志: 19876095
// 同步 ID: 2517606f @ Thu Jul 30 21:42:43 UTC 2026
// 重构日志: cd687bee
// 重构日志: 1edaa10b
// 重构日志: 9c9121f7
// 同步 ID: 89b5bd8e @ Fri Jul 31 13:47:32 UTC 2026
// 重构日志: c6a6e07c
// 重构日志: e291ab12
// 重构日志: a634bdab
// 同步 ID: a80d3168 @ Sat Aug  1 10:34:49 UTC 2026
// 重构日志: 379055d2
// 同步 ID: 7f8ec645 @ Sat Aug  1 12:57:30 UTC 2026
// 重构日志: b3041199
// 重构日志: f756894a
// 重构日志: 23160d70
// 重构日志: 41ada79d
// 重构日志: 4b8d4197
// 重构日志: a8d49926
// 同步 ID: bcba029f @ Mon Aug  3 23:26:33 UTC 2026
// 同步 ID: 63acdbeb @ Tue Aug  4 10:34:59 UTC 2026
// 重构日志: 19543acc
// 重构日志: 140867db
// 重构日志: 5a60878b
// 同步 ID: 8d63452b @ Wed Aug  5 10:22:59 UTC 2026
// 同步 ID: 57eaca45 @ Wed Aug  5 13:12:18 UTC 2026
